// Jest Snapshot v1, https://goo.gl/fbAQLP

exports[`EventIndicator should match the snapshot for member removed 1`] = `
<View
  style={
    Array [
      Object {
        "alignItems": "center",
        "display": "flex",
        "flexDirection": "row",
        "justifyContent": "center",
        "paddingBottom": 10,
        "paddingLeft": 10,
        "paddingRight": 10,
        "paddingTop": 10,
      },
    ]
  }
  testID="event-indicator"
>
  <View
    style={
      Array [
        Object {
          "alignItems": "center",
        },
      ]
    }
  >
    <Image
      accessibilityLabel="initials"
      onError={[Function]}
      resizeMethod="resize"
      size={32}
      source={
        Object {
          "uri": "https://i.imgur.com/SLx06PP.png",
        }
      }
      style={
        Array [
          Object {
            "borderRadius": 16,
            "height": 32,
            "width": 32,
          },
        ]
      }
      testID="avatar-image"
    />
  </View>
  <View
    style={
      Array [
        Object {
          "display": "flex",
          "flexDirection": "column",
          "marginLeft": 10,
        },
      ]
    }
  >
    <Text
      style={
        Array [
          Object {
            "color": "rgba(0, 0, 0, 0.5)",
            "fontSize": 13,
            "fontStyle": "italic",
          },
        ]
      }
    >
      Grant was removed from the chat
    </Text>
    <Text
      style={
        Array [
          Object {
            "color": "rgba(0, 0, 0, 0.5)",
            "fontSize": 10,
          },
        ]
      }
    >
      2:50 PM
    </Text>
  </View>
</View>
`;
