// Jest Snapshot v1, https://goo.gl/fbAQLP

exports[`MessageSystem should match the snapshot for message system 1`] = `
<View
  style={
    [
      {
        "alignItems": "center",
        "flexDirection": "row",
        "justifyContent": "center",
        "marginBottom": 10,
      },
      undefined,
      {},
    ]
  }
  testID="message-system"
>
  <View
    style={
      [
        {
          "flex": 1,
          "height": 0.5,
        },
        {
          "backgroundColor": "#ECEBEB",
        },
        {},
      ]
    }
  />
  <View
    style={
      [
        {
          "flex": 3,
          "marginTop": 10,
        },
        {},
      ]
    }
  >
    <Text
      style={
        [
          {
            "fontSize": 10,
            "fontWeight": "bold",
            "textAlign": "center",
          },
          {
            "color": "#7A7A7A",
          },
          {},
        ]
      }
    >
      HELLO WORLD
    </Text>
    <Text
      style={
        [
          {
            "fontSize": 10,
            "fontWeight": "bold",
            "textAlign": "center",
          },
          {
            "color": "#7A7A7A",
          },
          {},
        ]
      }
    >
      04/27/2020
    </Text>
  </View>
  <View
    style={
      [
        {
          "flex": 1,
          "height": 0.5,
        },
        {
          "backgroundColor": "#ECEBEB",
        },
        {},
      ]
    }
  />
</View>
`;
