// Jest Snapshot v1, https://jestjs.io/docs/snapshot-testing

exports[`TypingIndicator should match typing indicator snapshot 1`] = `
<View
  style={
    [
      {
        "alignItems": "center",
        "flexDirection": "row",
        "gap": 8,
        "justifyContent": "flex-start",
      },
      {},
    ]
  }
  testID="typing-indicator"
>
  <View
    style={
      [
        {
          "paddingTop": 4,
        },
        {},
      ]
    }
  >
    <View
      style={
        {
          "flexDirection": "row",
        }
      }
    >
      <View
        style={
          [
            {
              "alignItems": "center",
              "flexDirection": "row",
            },
            {
              "height": 32,
              "width": 51.2,
            },
          ]
        }
      >
        <View
          style={
            [
              {
                "position": "absolute",
              },
              {
                "left": 0,
              },
            ]
          }
        >
          <View
            testID="user-avatar"
          >
            <View
              style={
                [
                  {
                    "alignItems": "center",
                    "borderRadius": 9999,
                    "justifyContent": "center",
                    "overflow": "hidden",
                  },
                  {
                    "height": 32,
                    "width": 32,
                  },
                  {
                    "backgroundColor": "#fcd579",
                  },
                  {
                    "borderColor": "rgba(26, 27, 37, 0.1)",
                    "borderWidth": 1,
                  },
                  undefined,
                ]
              }
              testID="avatar-image"
            >
              <Image
                onError={[Function]}
                source={
                  {
                    "uri": "https://i.imgur.com/LuuGvh0.png",
                  }
                }
                style={
                  [
                    {},
                    {
                      "height": 32,
                      "width": 32,
                    },
                  ]
                }
              />
            </View>
          </View>
        </View>
        <View
          style={
            [
              {
                "position": "absolute",
              },
              {
                "left": 19.2,
              },
            ]
          }
        >
          <View
            testID="user-avatar"
          >
            <View
              style={
                [
                  {
                    "alignItems": "center",
                    "borderRadius": 9999,
                    "justifyContent": "center",
                    "overflow": "hidden",
                  },
                  {
                    "height": 32,
                    "width": 32,
                  },
                  {
                    "backgroundColor": "#8febbd",
                  },
                  {
                    "borderColor": "rgba(26, 27, 37, 0.1)",
                    "borderWidth": 1,
                  },
                  undefined,
                ]
              }
              testID="avatar-image"
            >
              <Image
                onError={[Function]}
                source={
                  {
                    "uri": "https://i.imgur.com/spueyAP.png",
                  }
                }
                style={
                  [
                    {},
                    {
                      "height": 32,
                      "width": 32,
                    },
                  ]
                }
              />
            </View>
          </View>
        </View>
      </View>
    </View>
  </View>
  <View
    style={
      [
        {
          "backgroundColor": "#ebeef1",
          "borderBottomLeftRadius": 0,
          "borderBottomRightRadius": 20,
          "borderTopLeftRadius": 20,
          "borderTopRightRadius": 20,
          "paddingHorizontal": 12,
          "paddingVertical": 16,
        },
        {},
      ]
    }
  >
    <View
      style={
        [
          {
            "flexDirection": "row",
          },
          {},
          {},
        ]
      }
    >
      <View
        style={
          [
            {
              "backgroundColor": "#1a1b25",
              "borderRadius": 2.5,
              "height": 5,
              "width": 5,
            },
            {
              "marginRight": 2,
            },
            {
              "opacity": -0.3333333333333333,
            },
            {},
          ]
        }
      />
      <View
        style={
          [
            {
              "backgroundColor": "#1a1b25",
              "borderRadius": 2.5,
              "height": 5,
              "width": 5,
            },
            {
              "marginHorizontal": 2,
            },
            {
              "opacity": 0.3333333333333333,
            },
            {},
          ]
        }
      />
      <View
        style={
          [
            {
              "backgroundColor": "#1a1b25",
              "borderRadius": 2.5,
              "height": 5,
              "width": 5,
            },
            {
              "marginLeft": 2,
            },
            {
              "opacity": 1,
            },
            {},
          ]
        }
      />
    </View>
  </View>
</View>
`;
