// Jest Snapshot v1, https://goo.gl/fbAQLP

exports[`TypingIndicator should match typing indicator snapshot 1`] = `
<View
  style={
    Array [
      Object {
        "alignItems": "center",
        "flexDirection": "row",
        "justifyContent": "flex-start",
      },
      Object {},
    ]
  }
  testID="typing-indicator"
>
  <View
    style={
      Array [
        Object {
          "alignItems": "center",
          "justifyContent": "center",
        },
        Object {},
        undefined,
      ]
    }
  >
    <Image
      accessibilityLabel="initials"
      onError={[Function]}
      resizeMethod="resize"
      source={
        Object {
          "uri": "https://i.imgur.com/SLx06PP.png",
        }
      }
      style={
        Array [
          Object {
            "borderRadius": 16,
            "height": 32,
            "width": 32,
          },
          Object {
            "borderRadius": 12,
            "height": 24,
            "width": 24,
          },
        ]
      }
      testID="typing-avatar-0"
    />
  </View>
  <View
    style={
      Array [
        Object {
          "alignItems": "center",
          "justifyContent": "center",
        },
        Object {},
        undefined,
      ]
    }
  >
    <Image
      accessibilityLabel="initials"
      onError={[Function]}
      resizeMethod="resize"
      source={
        Object {
          "uri": "https://i.imgur.com/T68W8nR_d.webp?maxwidth=728&fidelity=grand",
        }
      }
      style={
        Array [
          Object {
            "borderRadius": 16,
            "height": 32,
            "width": 32,
          },
          Object {
            "borderRadius": 12,
            "height": 24,
            "width": 24,
          },
        ]
      }
      testID="typing-avatar-1"
    />
  </View>
  <Text
    style={
      Array [
        Object {
          "marginLeft": 10,
        },
        Object {
          "color": "#00000080",
          "fontSize": 14,
        },
        Object {},
      ]
    }
  >
    Grant and Neil are typing...
  </Text>
</View>
`;
