// Jest Snapshot v1, https://goo.gl/fbAQLP

exports[`MessageAvatar should render message avatar 1`] = `
<View
  style={
    Array [
      Object {
        "marginLeft": 0,
        "marginRight": 8,
      },
      Object {},
    ]
  }
  testID="message-avatar"
>
  <View
    style={
      Array [
        Object {
          "alignItems": "center",
        },
        Object {},
      ]
    }
  >
    <Image
      accessibilityLabel="initials"
      onError={[Function]}
      resizeMethod="resize"
      source={
        Object {
          "uri": "https://images-na.ssl-images-amazon.com/images/I/51t29lLkg8L._AC_SL1000_.jpg",
        }
      }
      style={
        Array [
          Object {
            "borderRadius": 16,
            "height": 32,
            "width": 32,
          },
          Object {},
        ]
      }
      testID="avatar-image"
    />
  </View>
</View>
`;
