// Jest Snapshot v1, https://goo.gl/fbAQLP

exports[`MessageReplies should render message replies 1`] = `
<View
  style={
    {
      "flexDirection": "row",
    }
  }
>
  <View
    style={
      {
        "flexDirection": "row",
      }
    }
    testID="message-replies-left"
  >
    <View
      style={
        [
          {
            "borderColor": undefined,
          },
          {
            "borderTopWidth": 0,
            "borderWidth": 1,
            "height": 16,
            "width": 16,
          },
          {
            "borderBottomLeftRadius": 16,
            "borderRightWidth": 0,
          },
          {},
        ]
      }
    />
    <View
      style={
        [
          {
            "alignItems": "center",
            "flexDirection": "row",
            "paddingTop": 2,
          },
          {},
        ]
      }
    />
  </View>
  <View
    accessibilityState={
      {
        "busy": undefined,
        "checked": undefined,
        "disabled": undefined,
        "expanded": undefined,
        "selected": undefined,
      }
    }
    accessibilityValue={
      {
        "max": undefined,
        "min": undefined,
        "now": undefined,
        "text": undefined,
      }
    }
    accessible={true}
    collapsable={false}
    focusable={true}
    onClick={[Function]}
    onResponderGrant={[Function]}
    onResponderMove={[Function]}
    onResponderRelease={[Function]}
    onResponderTerminate={[Function]}
    onResponderTerminationRequest={[Function]}
    onStartShouldSetResponder={[Function]}
    style={
      {
        "alignItems": "center",
        "flexDirection": "row",
        "marginTop": 8,
        "opacity": 0.25184,
      }
    }
    testID="message-replies"
  >
    <Text
      style={
        [
          {
            "fontSize": 12,
            "fontWeight": "700",
            "paddingBottom": 5,
            "paddingHorizontal": 8,
          },
          {
            "color": "#005FFF",
          },
          {},
        ]
      }
    >
      1 Thread Reply
    </Text>
  </View>
</View>
`;
