// Jest Snapshot v1, https://jestjs.io/docs/snapshot-testing

exports[`MessageAvatar should render message avatar 1`] = `
<View
  style={{}}
  testID="message-avatar"
>
  <View
    testID="user-avatar"
  >
    <View
      style={
        [
          {
            "alignItems": "center",
            "borderRadius": 9999,
            "justifyContent": "center",
            "overflow": "hidden",
          },
          {
            "height": 32,
            "width": 32,
          },
          {
            "backgroundColor": "#d1f3f6",
          },
          {
            "borderColor": "rgba(0, 0, 0, 0.1)",
            "borderWidth": 1,
          },
          undefined,
        ]
      }
      testID="avatar-image"
    >
      <Image
        onError={[Function]}
        source={
          {
            "uri": "https://i.imgur.com/ytIyojl.png",
          }
        }
        style={
          [
            {},
            {
              "height": 32,
              "width": 32,
            },
          ]
        }
      />
    </View>
  </View>
</View>
`;
