// Jest Snapshot v1, https://goo.gl/fbAQLP

exports[`Thread should match thread snapshot 1`] = `
<View
  keyboardVerticalOffset={86.5}
  onLayout={[Function]}
  style={
    Object {
      "paddingBottom": 0,
    }
  }
>
  <View
    collapsable={false}
    style={
      Object {
        "height": "100%",
      }
    }
  >
    <View
      collapsable={false}
      style={
        Object {
          "alignItems": "center",
          "flex": 1,
          "width": "100%",
        }
      }
    >
      <RCTScrollView
        ListFooterComponent={null}
        data={
          Array [
            Object {
              "__html": "<p>regular</p>",
              "attachments": Array [],
              "created_at": 2020-05-05T14:50:00.000Z,
              "groupStyles": Array [
                "single",
              ],
              "html": "<p>regular</p>",
              "id": "38ef6f7c-3090-5759-a37f-ab0053aadb96",
              "parent_id": "b4612a73-fa2b-5787-bf71-1adc8f291a04",
              "readBy": false,
              "status": "received",
              "text": "Message6",
              "type": "regular",
              "updated_at": 2020-05-05T14:50:00.000Z,
              "user": Object {
                "banned": false,
                "created_at": "2020-04-27T13:39:49.331742Z",
                "id": "GrantyBoi2",
                "image": "https://i.imgur.com/SLx06PP.png",
                "name": "Grant",
                "online": false,
                "role": "user",
                "updated_at": "2020-04-27T13:39:49.332087Z",
              },
            },
            Object {
              "__html": "<p>regular</p>",
              "attachments": Array [],
              "created_at": 2020-05-05T14:50:00.000Z,
              "groupStyles": Array [
                "single",
              ],
              "html": "<p>regular</p>",
              "id": "516efa25-5d29-5c9a-ad2d-4cc183e785bd",
              "parent_id": "b4612a73-fa2b-5787-bf71-1adc8f291a04",
              "readBy": false,
              "status": "received",
              "text": "Message5",
              "type": "regular",
              "updated_at": 2020-05-05T14:50:00.000Z,
              "user": Object {
                "banned": false,
                "created_at": "2020-04-27T13:39:49.331742Z",
                "id": "NeiliBoi3",
                "image": "https://i.imgur.com/T68W8nR_d.webp?maxwidth=728&fidelity=grand",
                "name": "Neil",
                "online": false,
                "role": "user",
                "updated_at": "2020-04-27T13:39:49.332087Z",
              },
            },
            Object {
              "__html": "<p>regular</p>",
              "attachments": Array [],
              "created_at": 2020-05-05T14:50:00.000Z,
              "groupStyles": Array [
                "single",
              ],
              "html": "<p>regular</p>",
              "id": "82a83b16-b611-527c-b3ac-765ef6220490",
              "parent_id": "b4612a73-fa2b-5787-bf71-1adc8f291a04",
              "readBy": false,
              "status": "received",
              "text": "Message4",
              "type": "regular",
              "updated_at": 2020-05-05T14:50:00.000Z,
              "user": Object {
                "banned": false,
                "created_at": "2020-04-27T13:39:49.331742Z",
                "id": "GrantyBoi2",
                "image": "https://i.imgur.com/SLx06PP.png",
                "name": "Grant",
                "online": false,
                "role": "user",
                "updated_at": "2020-04-27T13:39:49.332087Z",
              },
            },
            Object {
              "date": 2020-05-05T14:50:00.000Z,
              "groupStyles": Array [],
              "readBy": false,
              "type": "message.date",
            },
          ]
        }
        disableVirtualization={false}
        extraData={false}
        getItem={[Function]}
        getItemCount={[Function]}
        horizontal={false}
        initialNumToRender={10}
        invertStickyHeaders={true}
        inverted={true}
        keyExtractor={[Function]}
        keyboardShouldPersistTaps="handled"
        maintainVisibleContentPosition={
          Object {
            "autoscrollToTopThreshold": 10,
            "minIndexForVisible": 1,
          }
        }
        maxToRenderPerBatch={10}
        numColumns={1}
        onContentSizeChange={[Function]}
        onEndReached={[Function]}
        onEndReachedThreshold={2}
        onLayout={[Function]}
        onMomentumScrollEnd={[Function]}
        onScroll={[Function]}
        onScrollBeginDrag={[Function]}
        onScrollEndDrag={[Function]}
        removeClippedSubviews={false}
        renderItem={[Function]}
        scrollEventThrottle={50}
        stickyHeaderIndices={Array []}
        style={
          Array [
            Object {
              "transform": Array [
                Object {
                  "scaleY": -1,
                },
              ],
            },
            Array [
              Object {
                "flex": 1,
                "paddingHorizontal": 10,
                "width": "100%",
              },
              Object {},
            ],
          ]
        }
        testID="message-flat-list"
        updateCellsBatchingPeriod={50}
        viewabilityConfigCallbackPairs={Array []}
        windowSize={21}
      >
        <View>
          <View
            onLayout={[Function]}
            style={
              Array [
                Object {
                  "flexDirection": "column-reverse",
                },
                Object {
                  "transform": Array [
                    Object {
                      "scaleY": -1,
                    },
                  ],
                },
              ]
            }
          >
            <View
              style={
                Array [
                  Object {
                    "alignItems": "flex-end",
                    "flexDirection": "row",
                  },
                  Object {
                    "justifyContent": "flex-start",
                    "marginBottom": 8,
                    "marginTop": 0,
                  },
                  Object {},
                ]
              }
              testID="message-simple-wrapper"
            >
              <View
                style={
                  Array [
                    Object {
                      "marginRight": 8,
                    },
                    Object {},
                  ]
                }
                testID="message-avatar"
              >
                <View
                  style={
                    Array [
                      Object {
                        "alignItems": "center",
                        "justifyContent": "center",
                      },
                      Object {},
                      undefined,
                    ]
                  }
                >
                  <Image
                    accessibilityLabel="initials"
                    onError={[Function]}
                    resizeMethod="resize"
                    source={
                      Object {
                        "uri": "https://i.imgur.com/SLx06PP.png",
                      }
                    }
                    style={
                      Array [
                        Object {
                          "borderRadius": 16,
                          "height": 32,
                          "width": 32,
                        },
                        Object {},
                      ]
                    }
                    testID="avatar-image"
                  />
                </View>
              </View>
              <View
                accessible={true}
                focusable={false}
                isTVSelectable={true}
                onClick={[Function]}
                onResponderGrant={[Function]}
                onResponderMove={[Function]}
                onResponderRelease={[Function]}
                onResponderTerminate={[Function]}
                onResponderTerminationRequest={[Function]}
                onStartShouldSetResponder={[Function]}
                style={
                  Object {
                    "alignItems": "flex-start",
                    "borderBottomLeftRadius": 2,
                    "borderBottomRightRadius": 16,
                    "borderTopLeftRadius": 16,
                    "borderTopRightRadius": 16,
                    "justifyContent": "flex-start",
                    "opacity": 1,
                  }
                }
              >
                <View
                  onLayout={[Function]}
                >
                  <View
                    style={
                      Array [
                        Object {
                          "alignItems": "flex-start",
                        },
                        Object {},
                      ]
                    }
                    testID="message-content-wrapper"
                  >
                    <View
                      style={
                        Array [
                          Object {
                            "marginTop": 2,
                            "maxWidth": 250,
                            "paddingHorizontal": 16,
                          },
                          Object {
                            "alignSelf": "flex-start",
                            "borderColor": "#00000014",
                            "borderWidth": 0.5,
                          },
                          Object {
                            "backgroundColor": "#FFFFFF",
                            "borderBottomLeftRadius": 2,
                            "borderBottomRightRadius": 16,
                            "borderTopLeftRadius": 16,
                            "borderTopRightRadius": 16,
                          },
                          Object {},
                        ]
                      }
                      testID="message-text-container"
                    >
                      <View
                        style={
                          Array [
                            Object {
                              "alignSelf": "stretch",
                            },
                            undefined,
                          ]
                        }
                      >
                        <Text
                          style={
                            Object {
                              "alignItems": "flex-start",
                              "flexDirection": "row",
                              "flexWrap": "wrap",
                              "justifyContent": "flex-start",
                              "marginBottom": 0,
                              "marginTop": 0,
                            }
                          }
                        >
                          <Text
                            style={
                              Object {
                                "color": "#222222",
                              }
                            }
                          >
                            Message6
                          </Text>
                        </Text>
                      </View>
                    </View>
                  </View>
                </View>
                <View
                  style={
                    Object {
                      "flexDirection": "row",
                      "marginTop": 4,
                    }
                  }
                  testID="message-status-time"
                >
                  <Text
                    style={
                      Array [
                        Object {
                          "textAlign": "left",
                        },
                        Object {
                          "color": "#00000080",
                          "fontSize": 12,
                        },
                      ]
                    }
                  >
                    2:50 PM
                  </Text>
                </View>
              </View>
            </View>
          </View>
          <View
            onLayout={[Function]}
            style={
              Array [
                Object {
                  "flexDirection": "column-reverse",
                },
                Object {
                  "transform": Array [
                    Object {
                      "scaleY": -1,
                    },
                  ],
                },
              ]
            }
          >
            <View
              style={
                Array [
                  Object {
                    "alignItems": "flex-end",
                    "flexDirection": "row",
                  },
                  Object {
                    "justifyContent": "flex-start",
                    "marginBottom": 8,
                    "marginTop": 0,
                  },
                  Object {},
                ]
              }
              testID="message-simple-wrapper"
            >
              <View
                style={
                  Array [
                    Object {
                      "marginRight": 8,
                    },
                    Object {},
                  ]
                }
                testID="message-avatar"
              >
                <View
                  style={
                    Array [
                      Object {
                        "alignItems": "center",
                        "justifyContent": "center",
                      },
                      Object {},
                      undefined,
                    ]
                  }
                >
                  <Image
                    accessibilityLabel="initials"
                    onError={[Function]}
                    resizeMethod="resize"
                    source={
                      Object {
                        "uri": "https://i.imgur.com/T68W8nR_d.webp?maxwidth=728&fidelity=grand",
                      }
                    }
                    style={
                      Array [
                        Object {
                          "borderRadius": 16,
                          "height": 32,
                          "width": 32,
                        },
                        Object {},
                      ]
                    }
                    testID="avatar-image"
                  />
                </View>
              </View>
              <View
                accessible={true}
                focusable={false}
                isTVSelectable={true}
                onClick={[Function]}
                onResponderGrant={[Function]}
                onResponderMove={[Function]}
                onResponderRelease={[Function]}
                onResponderTerminate={[Function]}
                onResponderTerminationRequest={[Function]}
                onStartShouldSetResponder={[Function]}
                style={
                  Object {
                    "alignItems": "flex-start",
                    "borderBottomLeftRadius": 2,
                    "borderBottomRightRadius": 16,
                    "borderTopLeftRadius": 16,
                    "borderTopRightRadius": 16,
                    "justifyContent": "flex-start",
                    "opacity": 1,
                  }
                }
              >
                <View
                  onLayout={[Function]}
                >
                  <View
                    style={
                      Array [
                        Object {
                          "alignItems": "flex-start",
                        },
                        Object {},
                      ]
                    }
                    testID="message-content-wrapper"
                  >
                    <View
                      style={
                        Array [
                          Object {
                            "marginTop": 2,
                            "maxWidth": 250,
                            "paddingHorizontal": 16,
                          },
                          Object {
                            "alignSelf": "flex-start",
                            "borderColor": "#00000014",
                            "borderWidth": 0.5,
                          },
                          Object {
                            "backgroundColor": "#FFFFFF",
                            "borderBottomLeftRadius": 2,
                            "borderBottomRightRadius": 16,
                            "borderTopLeftRadius": 16,
                            "borderTopRightRadius": 16,
                          },
                          Object {},
                        ]
                      }
                      testID="message-text-container"
                    >
                      <View
                        style={
                          Array [
                            Object {
                              "alignSelf": "stretch",
                            },
                            undefined,
                          ]
                        }
                      >
                        <Text
                          style={
                            Object {
                              "alignItems": "flex-start",
                              "flexDirection": "row",
                              "flexWrap": "wrap",
                              "justifyContent": "flex-start",
                              "marginBottom": 0,
                              "marginTop": 0,
                            }
                          }
                        >
                          <Text
                            style={
                              Object {
                                "color": "#222222",
                              }
                            }
                          >
                            Message5
                          </Text>
                        </Text>
                      </View>
                    </View>
                  </View>
                </View>
                <View
                  style={
                    Object {
                      "flexDirection": "row",
                      "marginTop": 4,
                    }
                  }
                  testID="message-status-time"
                >
                  <Text
                    style={
                      Array [
                        Object {
                          "textAlign": "left",
                        },
                        Object {
                          "color": "#00000080",
                          "fontSize": 12,
                        },
                      ]
                    }
                  >
                    2:50 PM
                  </Text>
                </View>
              </View>
            </View>
          </View>
          <View
            onLayout={[Function]}
            style={
              Array [
                Object {
                  "flexDirection": "column-reverse",
                },
                Object {
                  "transform": Array [
                    Object {
                      "scaleY": -1,
                    },
                  ],
                },
              ]
            }
          >
            <View
              style={
                Array [
                  Object {
                    "alignItems": "flex-end",
                    "flexDirection": "row",
                  },
                  Object {
                    "justifyContent": "flex-start",
                    "marginBottom": 8,
                    "marginTop": 0,
                  },
                  Object {},
                ]
              }
              testID="message-simple-wrapper"
            >
              <View
                style={
                  Array [
                    Object {
                      "marginRight": 8,
                    },
                    Object {},
                  ]
                }
                testID="message-avatar"
              >
                <View
                  style={
                    Array [
                      Object {
                        "alignItems": "center",
                        "justifyContent": "center",
                      },
                      Object {},
                      undefined,
                    ]
                  }
                >
                  <Image
                    accessibilityLabel="initials"
                    onError={[Function]}
                    resizeMethod="resize"
                    source={
                      Object {
                        "uri": "https://i.imgur.com/SLx06PP.png",
                      }
                    }
                    style={
                      Array [
                        Object {
                          "borderRadius": 16,
                          "height": 32,
                          "width": 32,
                        },
                        Object {},
                      ]
                    }
                    testID="avatar-image"
                  />
                </View>
              </View>
              <View
                accessible={true}
                focusable={false}
                isTVSelectable={true}
                onClick={[Function]}
                onResponderGrant={[Function]}
                onResponderMove={[Function]}
                onResponderRelease={[Function]}
                onResponderTerminate={[Function]}
                onResponderTerminationRequest={[Function]}
                onStartShouldSetResponder={[Function]}
                style={
                  Object {
                    "alignItems": "flex-start",
                    "borderBottomLeftRadius": 2,
                    "borderBottomRightRadius": 16,
                    "borderTopLeftRadius": 16,
                    "borderTopRightRadius": 16,
                    "justifyContent": "flex-start",
                    "opacity": 1,
                  }
                }
              >
                <View
                  onLayout={[Function]}
                >
                  <View
                    style={
                      Array [
                        Object {
                          "alignItems": "flex-start",
                        },
                        Object {},
                      ]
                    }
                    testID="message-content-wrapper"
                  >
                    <View
                      style={
                        Array [
                          Object {
                            "marginTop": 2,
                            "maxWidth": 250,
                            "paddingHorizontal": 16,
                          },
                          Object {
                            "alignSelf": "flex-start",
                            "borderColor": "#00000014",
                            "borderWidth": 0.5,
                          },
                          Object {
                            "backgroundColor": "#FFFFFF",
                            "borderBottomLeftRadius": 2,
                            "borderBottomRightRadius": 16,
                            "borderTopLeftRadius": 16,
                            "borderTopRightRadius": 16,
                          },
                          Object {},
                        ]
                      }
                      testID="message-text-container"
                    >
                      <View
                        style={
                          Array [
                            Object {
                              "alignSelf": "stretch",
                            },
                            undefined,
                          ]
                        }
                      >
                        <Text
                          style={
                            Object {
                              "alignItems": "flex-start",
                              "flexDirection": "row",
                              "flexWrap": "wrap",
                              "justifyContent": "flex-start",
                              "marginBottom": 0,
                              "marginTop": 0,
                            }
                          }
                        >
                          <Text
                            style={
                              Object {
                                "color": "#222222",
                              }
                            }
                          >
                            Message4
                          </Text>
                        </Text>
                      </View>
                    </View>
                  </View>
                </View>
                <View
                  style={
                    Object {
                      "flexDirection": "row",
                      "marginTop": 4,
                    }
                  }
                  testID="message-status-time"
                >
                  <Text
                    style={
                      Array [
                        Object {
                          "textAlign": "left",
                        },
                        Object {
                          "color": "#00000080",
                          "fontSize": 12,
                        },
                      ]
                    }
                  >
                    2:50 PM
                  </Text>
                </View>
              </View>
            </View>
          </View>
          <View
            onLayout={[Function]}
            style={
              Array [
                Object {
                  "flexDirection": "column-reverse",
                },
                Object {
                  "transform": Array [
                    Object {
                      "scaleY": -1,
                    },
                  ],
                },
              ]
            }
          >
            <View
              style={
                Array [
                  Object {
                    "alignItems": "center",
                    "flexDirection": "row",
                    "justifyContent": "center",
                    "marginVertical": 20,
                  },
                  Object {},
                ]
              }
              testID="date-separator"
            >
              <View
                style={
                  Array [
                    Object {
                      "flex": 1,
                      "height": 0.5,
                    },
                    Object {
                      "backgroundColor": "#EBEBEB",
                    },
                    Object {},
                  ]
                }
              />
              <Text
                style={
                  Array [
                    Object {
                      "fontSize": 10,
                      "marginHorizontal": 5,
                      "opacity": 0.8,
                      "textAlign": "center",
                      "textTransform": "uppercase",
                    },
                    Object {},
                  ]
                }
              >
                <Text
                  style={
                    Array [
                      Object {
                        "fontSize": 10,
                        "fontWeight": "700",
                        "opacity": 0.8,
                        "textTransform": "uppercase",
                      },
                      Object {},
                    ]
                  }
                >
                  05/05/2020
                </Text>
              </Text>
              <View
                style={
                  Array [
                    Object {
                      "flex": 1,
                      "height": 0.5,
                    },
                    Object {
                      "backgroundColor": "#EBEBEB",
                    },
                    Object {},
                  ]
                }
              />
            </View>
          </View>
          <View
            onLayout={[Function]}
            style={
              Object {
                "transform": Array [
                  Object {
                    "scaleY": -1,
                  },
                ],
              }
            }
          >
            <View
              style={
                Array [
                  Object {
                    "alignItems": "flex-end",
                    "flexDirection": "row",
                  },
                  Object {
                    "justifyContent": "flex-start",
                    "marginBottom": 30,
                    "marginTop": 0,
                  },
                  Object {},
                ]
              }
              testID="message-simple-wrapper"
            >
              <View
                style={
                  Array [
                    Object {
                      "marginRight": 8,
                    },
                    Object {},
                  ]
                }
                testID="message-avatar"
              >
                <View
                  style={
                    Array [
                      Object {
                        "alignItems": "center",
                        "justifyContent": "center",
                      },
                      Object {},
                      undefined,
                    ]
                  }
                >
                  <Image
                    accessibilityLabel="initials"
                    onError={[Function]}
                    resizeMethod="resize"
                    source={
                      Object {
                        "uri": "https://i.imgur.com/T68W8nR_d.webp?maxwidth=728&fidelity=grand",
                      }
                    }
                    style={
                      Array [
                        Object {
                          "borderRadius": 16,
                          "height": 32,
                          "width": 32,
                        },
                        Object {},
                      ]
                    }
                    testID="avatar-image"
                  />
                </View>
              </View>
              <View
                accessible={true}
                focusable={false}
                isTVSelectable={true}
                onClick={[Function]}
                onResponderGrant={[Function]}
                onResponderMove={[Function]}
                onResponderRelease={[Function]}
                onResponderTerminate={[Function]}
                onResponderTerminationRequest={[Function]}
                onStartShouldSetResponder={[Function]}
                style={
                  Object {
                    "alignItems": "flex-start",
                    "borderBottomLeftRadius": 2,
                    "borderBottomRightRadius": 16,
                    "borderTopLeftRadius": 16,
                    "borderTopRightRadius": 16,
                    "justifyContent": "flex-start",
                    "opacity": 1,
                  }
                }
              >
                <View
                  onLayout={[Function]}
                >
                  <View
                    style={
                      Array [
                        Object {
                          "alignItems": "flex-start",
                        },
                        Object {},
                      ]
                    }
                    testID="message-content-wrapper"
                  >
                    <View
                      style={
                        Array [
                          Object {
                            "marginTop": 2,
                            "maxWidth": 250,
                            "paddingHorizontal": 16,
                          },
                          Object {
                            "alignSelf": "flex-start",
                            "borderColor": "#00000014",
                            "borderWidth": 0.5,
                          },
                          Object {
                            "backgroundColor": "#FFFFFF",
                            "borderBottomLeftRadius": 2,
                            "borderBottomRightRadius": 16,
                            "borderTopLeftRadius": 16,
                            "borderTopRightRadius": 16,
                          },
                          Object {},
                        ]
                      }
                      testID="message-text-container"
                    >
                      <View
                        style={
                          Array [
                            Object {
                              "alignSelf": "stretch",
                            },
                            undefined,
                          ]
                        }
                      >
                        <Text
                          style={
                            Object {
                              "alignItems": "flex-start",
                              "flexDirection": "row",
                              "flexWrap": "wrap",
                              "justifyContent": "flex-start",
                              "marginBottom": 0,
                              "marginTop": 0,
                            }
                          }
                        >
                          <Text
                            style={
                              Object {
                                "color": "#222222",
                              }
                            }
                          >
                            Message3
                          </Text>
                        </Text>
                      </View>
                    </View>
                  </View>
                </View>
                <View
                  style={
                    Object {
                      "flexDirection": "row",
                      "marginTop": 4,
                    }
                  }
                  testID="message-status-time"
                >
                  <Text
                    style={
                      Array [
                        Object {
                          "textAlign": "left",
                        },
                        Object {
                          "color": "#00000080",
                          "fontSize": 12,
                        },
                      ]
                    }
                  >
                    2:50 PM
                  </Text>
                </View>
              </View>
            </View>
            <View
              style={
                Array [
                  Object {
                    "alignItems": "center",
                    "backgroundColor": "#F4F9FF",
                    "borderRadius": 4,
                    "margin": 10,
                    "padding": 8,
                  },
                  Object {},
                ]
              }
            >
              <Text
                style={Object {}}
              >
                Start of a new thread
              </Text>
            </View>
          </View>
        </View>
      </RCTScrollView>
    </View>
    <View
      style={
        Array [
          Object {
            "backgroundColor": "#0000000D",
            "borderRadius": 10,
            "marginHorizontal": 10,
          },
          Object {
            "paddingTop": 0,
          },
          Object {},
        ]
      }
    >
      <Modal
        animationType="none"
        hardwareAccelerated={false}
        onRequestClose={[Function]}
        transparent={true}
        visible={false}
      >
        <View
          style={
            Array [
              Array [
                Object {
                  "flex": 1,
                  "flexDirection": "row",
                },
              ],
            ]
          }
        >
          <Text
            onPress={[Function]}
            style={
              Array [
                Array [
                  Object {
                    "backgroundColor": "#000",
                    "bottom": 0,
                    "left": 0,
                    "opacity": 0.4,
                    "position": "absolute",
                    "right": 0,
                    "top": 0,
                  },
                ],
              ]
            }
          />
          <View
            style={
              Object {
                "alignSelf": "flex-end",
                "backgroundColor": "#e5e5e5",
                "flex": 1,
                "height": 141,
                "transform": Array [
                  Object {
                    "translateY": 141,
                  },
                ],
              }
            }
          >
            <View
              style={
                Array [
                  Object {
                    "alignItems": "center",
                    "backgroundColor": "#fff",
                    "height": 40,
                    "justifyContent": "center",
                  },
                ]
              }
            >
              <View
                style={
                  Array [
                    Object {
                      "alignItems": "center",
                      "flexDirection": "row",
                      "height": "100%",
                      "justifyContent": "space-between",
                      "paddingHorizontal": 20,
                      "width": "100%",
                    },
                    Object {},
                  ]
                }
              >
                <Text
                  style={
                    Array [
                      Object {
                        "fontWeight": "bold",
                      },
                      Object {},
                    ]
                  }
                >
                  Add a file
                </Text>
                <View
                  accessible={true}
                  focusable={true}
                  isTVSelectable={true}
                  onClick={[Function]}
                  onResponderGrant={[Function]}
                  onResponderMove={[Function]}
                  onResponderRelease={[Function]}
                  onResponderTerminate={[Function]}
                  onResponderTerminationRequest={[Function]}
                  onStartShouldSetResponder={[Function]}
                  style={
                    Object {
                      "backgroundColor": "#0000000D",
                      "borderRadius": 5,
                      "opacity": 1,
                      "padding": 5,
                    }
                  }
                  testID="icon-square"
                >
                  <Image
                    source={
                      Object {
                        "testUri": "../../../src/images/icons/icon_close.png",
                      }
                    }
                    style={
                      Array [
                        Object {
                          "height": 15,
                          "width": 15,
                        },
                        Object {},
                      ]
                    }
                  />
                </View>
              </View>
            </View>
            <RCTScrollView
              scrollEnabled={false}
            >
              <View>
                <View
                  accessible={true}
                  focusable={true}
                  isTVSelectable={true}
                  onClick={[Function]}
                  onResponderGrant={[Function]}
                  onResponderMove={[Function]}
                  onResponderRelease={[Function]}
                  onResponderTerminate={[Function]}
                  onResponderTerminationRequest={[Function]}
                  onStartShouldSetResponder={[Function]}
                  style={
                    Array [
                      Object {
                        "alignItems": "center",
                        "backgroundColor": "#fff",
                        "height": 50,
                        "justifyContent": "center",
                        "marginTop": 0.5,
                      },
                    ]
                  }
                >
                  <View
                    style={
                      Array [
                        Object {
                          "alignItems": "center",
                          "flexDirection": "row",
                          "justifyContent": "flex-start",
                          "paddingLeft": 20,
                          "width": "100%",
                        },
                        Object {},
                      ]
                    }
                    testID="upload-photo-item"
                  >
                    <View
                      style={
                        Array [
                          Object {
                            "backgroundColor": "#0000000D",
                            "borderRadius": 5,
                            "padding": 5,
                          },
                          Object {},
                        ]
                      }
                      testID="icon-square"
                    >
                      <Image
                        source={
                          Object {
                            "testUri": "../../../src/images/icons/icon_attach-media.png",
                          }
                        }
                        style={
                          Array [
                            Object {
                              "height": 15,
                              "width": 15,
                            },
                            Object {},
                          ]
                        }
                      />
                    </View>
                    <Text
                      style={Object {}}
                    >
                      Upload a photo
                    </Text>
                  </View>
                </View>
                <View
                  accessible={true}
                  focusable={true}
                  isTVSelectable={true}
                  onClick={[Function]}
                  onResponderGrant={[Function]}
                  onResponderMove={[Function]}
                  onResponderRelease={[Function]}
                  onResponderTerminate={[Function]}
                  onResponderTerminationRequest={[Function]}
                  onStartShouldSetResponder={[Function]}
                  style={
                    Array [
                      Object {
                        "alignItems": "center",
                        "backgroundColor": "#fff",
                        "height": 50,
                        "justifyContent": "center",
                        "marginTop": 0.5,
                      },
                    ]
                  }
                >
                  <View
                    style={
                      Array [
                        Object {
                          "alignItems": "center",
                          "flexDirection": "row",
                          "justifyContent": "flex-start",
                          "paddingLeft": 20,
                          "width": "100%",
                        },
                        Object {},
                      ]
                    }
                    testID="upload-file-item"
                  >
                    <View
                      style={
                        Array [
                          Object {
                            "backgroundColor": "#0000000D",
                            "borderRadius": 5,
                            "padding": 5,
                          },
                          Object {},
                        ]
                      }
                      testID="icon-square"
                    >
                      <Image
                        source={
                          Object {
                            "testUri": "../../../src/images/icons/icon_folder.png",
                          }
                        }
                        style={
                          Array [
                            Object {
                              "height": 15,
                              "width": 15,
                            },
                            Object {},
                          ]
                        }
                      />
                    </View>
                    <Text
                      style={Object {}}
                    >
                      Upload a file
                    </Text>
                  </View>
                </View>
              </View>
            </RCTScrollView>
          </View>
        </View>
      </Modal>
      <View
        style={
          Array [
            Object {
              "alignItems": "center",
              "flexDirection": "row",
              "margin": 10,
              "minHeight": 46,
              "paddingHorizontal": 10,
            },
            Object {},
          ]
        }
      >
        <View
          accessible={true}
          focusable={true}
          isTVSelectable={true}
          onClick={[Function]}
          onResponderGrant={[Function]}
          onResponderMove={[Function]}
          onResponderRelease={[Function]}
          onResponderTerminate={[Function]}
          onResponderTerminationRequest={[Function]}
          onStartShouldSetResponder={[Function]}
          style={
            Object {
              "marginRight": 8,
              "opacity": 1,
            }
          }
          testID="attach-button"
        >
          <Image
            source={
              Object {
                "testUri": "../../../src/images/icons/plus-outline.png",
              }
            }
            style={
              Array [
                Object {
                  "height": 15,
                  "width": 15,
                },
                Object {},
              ]
            }
          />
        </View>
        <TextInput
          allowFontScaling={true}
          autoFocus={true}
          editable={true}
          multiline={true}
          onChangeText={[Function]}
          onSelectionChange={[Function]}
          placeholder="Write your message"
          rejectResponderTermination={true}
          style={
            Array [
              Object {
                "flex": 1,
                "margin": -5,
                "maxHeight": 60,
              },
              Object {},
            ]
          }
          testID="auto-complete-text-input"
          underlineColorAndroid="transparent"
          value=""
        />
        <View
          accessible={true}
          focusable={true}
          isTVSelectable={true}
          onClick={[Function]}
          onResponderGrant={[Function]}
          onResponderMove={[Function]}
          onResponderRelease={[Function]}
          onResponderTerminate={[Function]}
          onResponderTerminationRequest={[Function]}
          onStartShouldSetResponder={[Function]}
          style={
            Object {
              "marginLeft": 8,
              "opacity": 1,
            }
          }
          testID="send-button"
        >
          <Image
            source={
              Object {
                "testUri": "../../../src/images/icons/icon_new_message.png",
              }
            }
            style={
              Array [
                Object {
                  "height": 15,
                  "width": 15,
                },
                Object {},
              ]
            }
          />
        </View>
      </View>
    </View>
  </View>
</View>
`;
