// Jest Snapshot v1, https://goo.gl/fbAQLP

exports[`MessageTextContainer should render message text container 1`] = `
<View
  style={
    Array [
      Object {
        "marginTop": 2,
        "paddingHorizontal": 8,
        "paddingVertical": 5,
      },
      Object {
        "alignSelf": "flex-end",
        "borderColor": "transparent",
        "borderWidth": 0,
      },
      Object {
        "backgroundColor": "#EBEBEB",
        "borderBottomLeftRadius": 16,
        "borderBottomRightRadius": 16,
        "borderTopLeftRadius": 16,
        "borderTopRightRadius": 16,
      },
      Object {},
    ]
  }
  testID="message-text-container"
>
  <View
    style={
      Array [
        Object {
          "alignSelf": "stretch",
        },
        undefined,
      ]
    }
  >
    <Text
      style={
        Object {
          "alignItems": "flex-start",
          "flexDirection": "row",
          "flexWrap": "wrap",
          "justifyContent": "flex-start",
          "marginBottom": 0,
          "marginTop": 0,
        }
      }
    >
      <Text
        style={
          Object {
            "color": "#222222",
          }
        }
      >
        Hello World
      </Text>
    </Text>
  </View>
</View>
`;
